
  [30;43;1m WARN [39;49;22m Your XML configuration validates against a deprecated schema. Migrate your XML configuration using "--migrate-configuration"!

   FAIL  Tests\Feature\CategoryCrudTest
  Γ¿» news categories index page loads                                                       3.36s  
  Γ¿» news categories create page loads                                                      0.13s  
  Γ¿» create news category                                                                   0.13s  
  Γ¿» edit news category page loads                                                          0.14s  
  Γ¿» update news category                                                                   0.13s  
  Γ¿» delete news category                                                                   0.15s  
  Γ¿» service categories index page loads                                                    0.19s  
  Γ¿» service categories create page loads                                                   0.19s  
  Γ¿» create service category                                                                0.16s  
  Γ¿» edit service category page loads                                                       0.23s  
  Γ¿» update service category                                                                0.27s  
  Γ¿» delete service category                                                                0.14s  
  Γ¿» complaint categories index page loads                                                  0.22s  
  Γ¿» complaint categories create page loads                                                 0.18s  
  Γ¿» create complaint category                                                              0.16s  
  Γ¿» edit complaint category page loads                                                     0.14s  
  Γ¿» update complaint category                                                              0.15s  
  Γ¿» delete complaint category                                                              0.15s  
  Γ¿» news category requires valid data                                                      0.16s  
  Γ¿» service category requires valid data                                                   0.17s  
  Γ¿» complaint category requires valid data                                                 0.24s  
  Γ¿» unauthorized user cannot access news categories                                        0.18s  
  Γ¿» unauthorized user cannot access service categories                                     0.13s  
  Γ¿» unauthorized user cannot access complaint categories                                   0.13s  
  ΓöÇΓöÇΓöÇΓöÇΓöÇΓöÇΓöÇΓöÇΓöÇΓöÇΓöÇΓöÇΓöÇΓöÇΓöÇΓöÇΓöÇΓöÇΓöÇΓöÇΓöÇΓöÇΓöÇΓöÇΓöÇΓöÇΓöÇΓöÇΓöÇΓöÇΓöÇΓöÇΓöÇΓöÇΓöÇΓöÇΓöÇΓöÇΓöÇΓöÇΓöÇΓöÇΓöÇΓöÇΓöÇΓöÇΓöÇΓöÇΓöÇΓöÇΓöÇΓöÇΓöÇΓöÇΓöÇΓöÇΓöÇΓöÇΓöÇΓöÇΓöÇΓöÇΓöÇΓöÇΓöÇΓöÇΓöÇΓöÇΓöÇΓöÇΓöÇΓöÇΓöÇΓöÇΓöÇΓöÇΓöÇΓöÇΓöÇΓöÇΓöÇΓöÇΓöÇΓöÇΓöÇΓöÇΓöÇΓöÇΓöÇΓöÇΓöÇΓöÇΓöÇΓöÇ  
   FAILED  Tests\Feature\CategoryCrudTest > news categories index page loads                      
  Expected response status code [200] but received 500.
Failed asserting that 500 is identical to 200.

  at tests\Feature\CategoryCrudTest.php:34
     30Γûò     // News Category Tests
     31Γûò     public function test_news_categories_index_page_loads(): void
     32Γûò     {
     33Γûò         $response = $this->actingAs($this->user)->get('/admin/news-categories');
  Γ₧£  34Γûò         $response->assertStatus(200);
     35Γûò         $response->assertViewIs('admin.news-categories.index');
     36Γûò     }
     37Γûò 
     38Γûò     public function test_news_categories_create_page_loads(): void

  ΓöÇΓöÇΓöÇΓöÇΓöÇΓöÇΓöÇΓöÇΓöÇΓöÇΓöÇΓöÇΓöÇΓöÇΓöÇΓöÇΓöÇΓöÇΓöÇΓöÇΓöÇΓöÇΓöÇΓöÇΓöÇΓöÇΓöÇΓöÇΓöÇΓöÇΓöÇΓöÇΓöÇΓöÇΓöÇΓöÇΓöÇΓöÇΓöÇΓöÇΓöÇΓöÇΓöÇΓöÇΓöÇΓöÇΓöÇΓöÇΓöÇΓöÇΓöÇΓöÇΓöÇΓöÇΓöÇΓöÇΓöÇΓöÇΓöÇΓöÇΓöÇΓöÇΓöÇΓöÇΓöÇΓöÇΓöÇΓöÇΓöÇΓöÇΓöÇΓöÇΓöÇΓöÇΓöÇΓöÇΓöÇΓöÇΓöÇΓöÇΓöÇΓöÇΓöÇΓöÇΓöÇΓöÇΓöÇΓöÇΓöÇΓöÇΓöÇΓöÇΓöÇΓöÇ  
   FAILED  Tests\Feature\CategoryCrudTest > news categories create page loads                     
  Expected response status code [200] but received 500.
Failed asserting that 500 is identical to 200.

  at tests\Feature\CategoryCrudTest.php:41
     37Γûò 
     38Γûò     public function test_news_categories_create_page_loads(): void
     39Γûò     {
     40Γûò         $response = $this->actingAs($this->user)->get('/admin/news-categories/create');
  Γ₧£  41Γûò         $response->assertStatus(200);
     42Γûò         $response->assertViewIs('admin.news-categories.create');
     43Γûò     }
     44Γûò 
     45Γûò     public function test_create_news_category(): void

  ΓöÇΓöÇΓöÇΓöÇΓöÇΓöÇΓöÇΓöÇΓöÇΓöÇΓöÇΓöÇΓöÇΓöÇΓöÇΓöÇΓöÇΓöÇΓöÇΓöÇΓöÇΓöÇΓöÇΓöÇΓöÇΓöÇΓöÇΓöÇΓöÇΓöÇΓöÇΓöÇΓöÇΓöÇΓöÇΓöÇΓöÇΓöÇΓöÇΓöÇΓöÇΓöÇΓöÇΓöÇΓöÇΓöÇΓöÇΓöÇΓöÇΓöÇΓöÇΓöÇΓöÇΓöÇΓöÇΓöÇΓöÇΓöÇΓöÇΓöÇΓöÇΓöÇΓöÇΓöÇΓöÇΓöÇΓöÇΓöÇΓöÇΓöÇΓöÇΓöÇΓöÇΓöÇΓöÇΓöÇΓöÇΓöÇΓöÇΓöÇΓöÇΓöÇΓöÇΓöÇΓöÇΓöÇΓöÇΓöÇΓöÇΓöÇΓöÇΓöÇΓöÇΓöÇ  
   FAILED  Tests\Feature\CategoryCrudTest > create news category                                  
  Expected response status code [201, 301, 302, 303, 307, 308] but received 500.
Failed asserting that false is true.

  at tests\Feature\CategoryCrudTest.php:57
     53Γûò             'is_active' => true,
     54Γûò         ];
     55Γûò 
     56Γûò         $response = $this->actingAs($this->user)->post('/admin/news-categories', $data);
  Γ₧£  57Γûò         $response->assertRedirect('/admin/news-categories');
     58Γûò 
     59Γûò         $this->assertDatabaseHas('news_categories', ['name' => 'Test Category']);
     60Γûò     }
     61Γûò

  ΓöÇΓöÇΓöÇΓöÇΓöÇΓöÇΓöÇΓöÇΓöÇΓöÇΓöÇΓöÇΓöÇΓöÇΓöÇΓöÇΓöÇΓöÇΓöÇΓöÇΓöÇΓöÇΓöÇΓöÇΓöÇΓöÇΓöÇΓöÇΓöÇΓöÇΓöÇΓöÇΓöÇΓöÇΓöÇΓöÇΓöÇΓöÇΓöÇΓöÇΓöÇΓöÇΓöÇΓöÇΓöÇΓöÇΓöÇΓöÇΓöÇΓöÇΓöÇΓöÇΓöÇΓöÇΓöÇΓöÇΓöÇΓöÇΓöÇΓöÇΓöÇΓöÇΓöÇΓöÇΓöÇΓöÇΓöÇΓöÇΓöÇΓöÇΓöÇΓöÇΓöÇΓöÇΓöÇΓöÇΓöÇΓöÇΓöÇΓöÇΓöÇΓöÇΓöÇΓöÇΓöÇΓöÇΓöÇΓöÇΓöÇΓöÇΓöÇΓöÇΓöÇΓöÇ  
   FAILED  Tests\Feature\CategoryCrudTest > edit news category page loads                         
  Expected response status code [200] but received 500.
Failed asserting that 500 is identical to 200.

  at tests\Feature\CategoryCrudTest.php:74
     70Γûò             'is_active' => true,
     71Γûò         ]);
     72Γûò 
     73Γûò         $response = $this->actingAs($this->user)->get("/admin/news-categories/{$category->id}/edit");
  Γ₧£  74Γûò         $response->assertStatus(200);
     75Γûò         $response->assertViewIs('admin.news-categories.edit');
     76Γûò     }
     77Γûò 
     78Γûò     public function test_update_news_category(): void

  ΓöÇΓöÇΓöÇΓöÇΓöÇΓöÇΓöÇΓöÇΓöÇΓöÇΓöÇΓöÇΓöÇΓöÇΓöÇΓöÇΓöÇΓöÇΓöÇΓöÇΓöÇΓöÇΓöÇΓöÇΓöÇΓöÇΓöÇΓöÇΓöÇΓöÇΓöÇΓöÇΓöÇΓöÇΓöÇΓöÇΓöÇΓöÇΓöÇΓöÇΓöÇΓöÇΓöÇΓöÇΓöÇΓöÇΓöÇΓöÇΓöÇΓöÇΓöÇΓöÇΓöÇΓöÇΓöÇΓöÇΓöÇΓöÇΓöÇΓöÇΓöÇΓöÇΓöÇΓöÇΓöÇΓöÇΓöÇΓöÇΓöÇΓöÇΓöÇΓöÇΓöÇΓöÇΓöÇΓöÇΓöÇΓöÇΓöÇΓöÇΓöÇΓöÇΓöÇΓöÇΓöÇΓöÇΓöÇΓöÇΓöÇΓöÇΓöÇΓöÇΓöÇΓöÇ  
   FAILED  Tests\Feature\CategoryCrudTest > update news category                                  
  Expected response status code [201, 301, 302, 303, 307, 308] but received 500.
Failed asserting that false is true.

  at tests\Feature\CategoryCrudTest.php:99
     95Γûò             'is_active' => false,
     96Γûò         ];
     97Γûò 
     98Γûò         $response = $this->actingAs($this->user)->put("/admin/news-categories/{$category->id}", $data);
  Γ₧£  99Γûò         $response->assertRedirect('/admin/news-categories');
    100Γûò 
    101Γûò         $this->assertDatabaseHas('news_categories', ['id' => $category->id, 'name' => 'Updated Name']);
    102Γûò     }
    103Γûò

  ΓöÇΓöÇΓöÇΓöÇΓöÇΓöÇΓöÇΓöÇΓöÇΓöÇΓöÇΓöÇΓöÇΓöÇΓöÇΓöÇΓöÇΓöÇΓöÇΓöÇΓöÇΓöÇΓöÇΓöÇΓöÇΓöÇΓöÇΓöÇΓöÇΓöÇΓöÇΓöÇΓöÇΓöÇΓöÇΓöÇΓöÇΓöÇΓöÇΓöÇΓöÇΓöÇΓöÇΓöÇΓöÇΓöÇΓöÇΓöÇΓöÇΓöÇΓöÇΓöÇΓöÇΓöÇΓöÇΓöÇΓöÇΓöÇΓöÇΓöÇΓöÇΓöÇΓöÇΓöÇΓöÇΓöÇΓöÇΓöÇΓöÇΓöÇΓöÇΓöÇΓöÇΓöÇΓöÇΓöÇΓöÇΓöÇΓöÇΓöÇΓöÇΓöÇΓöÇΓöÇΓöÇΓöÇΓöÇΓöÇΓöÇΓöÇΓöÇΓöÇΓöÇΓöÇ  
   FAILED  Tests\Feature\CategoryCrudTest > delete news category                                  
  Expected response status code [201, 301, 302, 303, 307, 308] but received 500.
Failed asserting that false is true.

  at tests\Feature\CategoryCrudTest.php:116
    112Γûò             'is_active' => true,
    113Γûò         ]);
    114Γûò 
    115Γûò         $response = $this->actingAs($this->user)->delete("/admin/news-categories/{$category->id}");
  Γ₧£ 116Γûò         $response->assertRedirect('/admin/news-categories');
    117Γûò 
    118Γûò         $this->assertDatabaseMissing('news_categories', ['id' => $category->id]);
    119Γûò     }
    120Γûò

  ΓöÇΓöÇΓöÇΓöÇΓöÇΓöÇΓöÇΓöÇΓöÇΓöÇΓöÇΓöÇΓöÇΓöÇΓöÇΓöÇΓöÇΓöÇΓöÇΓöÇΓöÇΓöÇΓöÇΓöÇΓöÇΓöÇΓöÇΓöÇΓöÇΓöÇΓöÇΓöÇΓöÇΓöÇΓöÇΓöÇΓöÇΓöÇΓöÇΓöÇΓöÇΓöÇΓöÇΓöÇΓöÇΓöÇΓöÇΓöÇΓöÇΓöÇΓöÇΓöÇΓöÇΓöÇΓöÇΓöÇΓöÇΓöÇΓöÇΓöÇΓöÇΓöÇΓöÇΓöÇΓöÇΓöÇΓöÇΓöÇΓöÇΓöÇΓöÇΓöÇΓöÇΓöÇΓöÇΓöÇΓöÇΓöÇΓöÇΓöÇΓöÇΓöÇΓöÇΓöÇΓöÇΓöÇΓöÇΓöÇΓöÇΓöÇΓöÇΓöÇΓöÇΓöÇ  
   FAILED  Tests\Feature\CategoryCrudTest > service categories index page loads                   
  Expected response status code [200] but received 500.
Failed asserting that 500 is identical to 200.

  at tests\Feature\CategoryCrudTest.php:125
    121Γûò     // Service Category Tests
    122Γûò     public function test_service_categories_index_page_loads(): void
    123Γûò     {
    124Γûò         $response = $this->actingAs($this->user)->get('/admin/service-categories');
  Γ₧£ 125Γûò         $response->assertStatus(200);
    126Γûò         $response->assertViewIs('admin.service-categories.index');
    127Γûò     }
    128Γûò 
    129Γûò     public function test_service_categories_create_page_loads(): void

  ΓöÇΓöÇΓöÇΓöÇΓöÇΓöÇΓöÇΓöÇΓöÇΓöÇΓöÇΓöÇΓöÇΓöÇΓöÇΓöÇΓöÇΓöÇΓöÇΓöÇΓöÇΓöÇΓöÇΓöÇΓöÇΓöÇΓöÇΓöÇΓöÇΓöÇΓöÇΓöÇΓöÇΓöÇΓöÇΓöÇΓöÇΓöÇΓöÇΓöÇΓöÇΓöÇΓöÇΓöÇΓöÇΓöÇΓöÇΓöÇΓöÇΓöÇΓöÇΓöÇΓöÇΓöÇΓöÇΓöÇΓöÇΓöÇΓöÇΓöÇΓöÇΓöÇΓöÇΓöÇΓöÇΓöÇΓöÇΓöÇΓöÇΓöÇΓöÇΓöÇΓöÇΓöÇΓöÇΓöÇΓöÇΓöÇΓöÇΓöÇΓöÇΓöÇΓöÇΓöÇΓöÇΓöÇΓöÇΓöÇΓöÇΓöÇΓöÇΓöÇΓöÇΓöÇ  
   FAILED  Tests\Feature\CategoryCrudTest > service categories create page loads                  
  Expected response status code [200] but received 500.
Failed asserting that 500 is identical to 200.

  at tests\Feature\CategoryCrudTest.php:132
    128Γûò 
    129Γûò     public function test_service_categories_create_page_loads(): void
    130Γûò     {
    131Γûò         $response = $this->actingAs($this->user)->get('/admin/service-categories/create');
  Γ₧£ 132Γûò         $response->assertStatus(200);
    133Γûò         $response->assertViewIs('admin.service-categories.create');
    134Γûò     }
    135Γûò 
    136Γûò     public function test_create_service_category(): void

  ΓöÇΓöÇΓöÇΓöÇΓöÇΓöÇΓöÇΓöÇΓöÇΓöÇΓöÇΓöÇΓöÇΓöÇΓöÇΓöÇΓöÇΓöÇΓöÇΓöÇΓöÇΓöÇΓöÇΓöÇΓöÇΓöÇΓöÇΓöÇΓöÇΓöÇΓöÇΓöÇΓöÇΓöÇΓöÇΓöÇΓöÇΓöÇΓöÇΓöÇΓöÇΓöÇΓöÇΓöÇΓöÇΓöÇΓöÇΓöÇΓöÇΓöÇΓöÇΓöÇΓöÇΓöÇΓöÇΓöÇΓöÇΓöÇΓöÇΓöÇΓöÇΓöÇΓöÇΓöÇΓöÇΓöÇΓöÇΓöÇΓöÇΓöÇΓöÇΓöÇΓöÇΓöÇΓöÇΓöÇΓöÇΓöÇΓöÇΓöÇΓöÇΓöÇΓöÇΓöÇΓöÇΓöÇΓöÇΓöÇΓöÇΓöÇΓöÇΓöÇΓöÇΓöÇ  
   FAILED  Tests\Feature\CategoryCrudTest > create service category                               
  Expected response status code [201, 301, 302, 303, 307, 308] but received 500.
Failed asserting that false is true.

  at tests\Feature\CategoryCrudTest.php:148
    144Γûò             'is_active' => true,
    145Γûò         ];
    146Γûò 
    147Γûò         $response = $this->actingAs($this->user)->post('/admin/service-categories', $data);
  Γ₧£ 148Γûò         $response->assertRedirect('/admin/service-categories');
    149Γûò 
    150Γûò         $this->assertDatabaseHas('service_categories', ['name' => 'Service Test']);
    151Γûò     }
    152Γûò

  ΓöÇΓöÇΓöÇΓöÇΓöÇΓöÇΓöÇΓöÇΓöÇΓöÇΓöÇΓöÇΓöÇΓöÇΓöÇΓöÇΓöÇΓöÇΓöÇΓöÇΓöÇΓöÇΓöÇΓöÇΓöÇΓöÇΓöÇΓöÇΓöÇΓöÇΓöÇΓöÇΓöÇΓöÇΓöÇΓöÇΓöÇΓöÇΓöÇΓöÇΓöÇΓöÇΓöÇΓöÇΓöÇΓöÇΓöÇΓöÇΓöÇΓöÇΓöÇΓöÇΓöÇΓöÇΓöÇΓöÇΓöÇΓöÇΓöÇΓöÇΓöÇΓöÇΓöÇΓöÇΓöÇΓöÇΓöÇΓöÇΓöÇΓöÇΓöÇΓöÇΓöÇΓöÇΓöÇΓöÇΓöÇΓöÇΓöÇΓöÇΓöÇΓöÇΓöÇΓöÇΓöÇΓöÇΓöÇΓöÇΓöÇΓöÇΓöÇΓöÇΓöÇΓöÇ  
   FAILED  Tests\Feature\CategoryCrudTest > edit service category page loads                      
  Expected response status code [200] but received 500.
Failed asserting that 500 is identical to 200.

  at tests\Feature\CategoryCrudTest.php:165
    161Γûò             'is_active' => true,
    162Γûò         ]);
    163Γûò 
    164Γûò         $response = $this->actingAs($this->user)->get("/admin/service-categories/{$category->id}/edit");
  Γ₧£ 165Γûò         $response->assertStatus(200);
    166Γûò         $response->assertViewIs('admin.service-categories.edit');
    167Γûò     }
    168Γûò 
    169Γûò     public function test_update_service_category(): void

  ΓöÇΓöÇΓöÇΓöÇΓöÇΓöÇΓöÇΓöÇΓöÇΓöÇΓöÇΓöÇΓöÇΓöÇΓöÇΓöÇΓöÇΓöÇΓöÇΓöÇΓöÇΓöÇΓöÇΓöÇΓöÇΓöÇΓöÇΓöÇΓöÇΓöÇΓöÇΓöÇΓöÇΓöÇΓöÇΓöÇΓöÇΓöÇΓöÇΓöÇΓöÇΓöÇΓöÇΓöÇΓöÇΓöÇΓöÇΓöÇΓöÇΓöÇΓöÇΓöÇΓöÇΓöÇΓöÇΓöÇΓöÇΓöÇΓöÇΓöÇΓöÇΓöÇΓöÇΓöÇΓöÇΓöÇΓöÇΓöÇΓöÇΓöÇΓöÇΓöÇΓöÇΓöÇΓöÇΓöÇΓöÇΓöÇΓöÇΓöÇΓöÇΓöÇΓöÇΓöÇΓöÇΓöÇΓöÇΓöÇΓöÇΓöÇΓöÇΓöÇΓöÇΓöÇ  
   FAILED  Tests\Feature\CategoryCrudTest > update service category                               
  Expected response status code [201, 301, 302, 303, 307, 308] but received 500.
Failed asserting that false is true.

  at tests\Feature\CategoryCrudTest.php:190
    186Γûò             'is_active' => false,
    187Γûò         ];
    188Γûò 
    189Γûò         $response = $this->actingAs($this->user)->put("/admin/service-categories/{$category->id}", $data);
  Γ₧£ 190Γûò         $response->assertRedirect('/admin/service-categories');
    191Γûò 
    192Γûò         $this->assertDatabaseHas('service_categories', ['id' => $category->id, 'name' => 'Updated Service']);
    193Γûò     }
    194Γûò

  ΓöÇΓöÇΓöÇΓöÇΓöÇΓöÇΓöÇΓöÇΓöÇΓöÇΓöÇΓöÇΓöÇΓöÇΓöÇΓöÇΓöÇΓöÇΓöÇΓöÇΓöÇΓöÇΓöÇΓöÇΓöÇΓöÇΓöÇΓöÇΓöÇΓöÇΓöÇΓöÇΓöÇΓöÇΓöÇΓöÇΓöÇΓöÇΓöÇΓöÇΓöÇΓöÇΓöÇΓöÇΓöÇΓöÇΓöÇΓöÇΓöÇΓöÇΓöÇΓöÇΓöÇΓöÇΓöÇΓöÇΓöÇΓöÇΓöÇΓöÇΓöÇΓöÇΓöÇΓöÇΓöÇΓöÇΓöÇΓöÇΓöÇΓöÇΓöÇΓöÇΓöÇΓöÇΓöÇΓöÇΓöÇΓöÇΓöÇΓöÇΓöÇΓöÇΓöÇΓöÇΓöÇΓöÇΓöÇΓöÇΓöÇΓöÇΓöÇΓöÇΓöÇΓöÇ  
   FAILED  Tests\Feature\CategoryCrudTest > delete service category                               
  Expected response status code [201, 301, 302, 303, 307, 308] but received 500.
Failed asserting that false is true.

  at tests\Feature\CategoryCrudTest.php:207
    203Γûò             'is_active' => true,
    204Γûò         ]);
    205Γûò 
    206Γûò         $response = $this->actingAs($this->user)->delete("/admin/service-categories/{$category->id}");
  Γ₧£ 207Γûò         $response->assertRedirect('/admin/service-categories');
    208Γûò 
    209Γûò         $this->assertDatabaseMissing('service_categories', ['id' => $category->id]);
    210Γûò     }
    211Γûò

  ΓöÇΓöÇΓöÇΓöÇΓöÇΓöÇΓöÇΓöÇΓöÇΓöÇΓöÇΓöÇΓöÇΓöÇΓöÇΓöÇΓöÇΓöÇΓöÇΓöÇΓöÇΓöÇΓöÇΓöÇΓöÇΓöÇΓöÇΓöÇΓöÇΓöÇΓöÇΓöÇΓöÇΓöÇΓöÇΓöÇΓöÇΓöÇΓöÇΓöÇΓöÇΓöÇΓöÇΓöÇΓöÇΓöÇΓöÇΓöÇΓöÇΓöÇΓöÇΓöÇΓöÇΓöÇΓöÇΓöÇΓöÇΓöÇΓöÇΓöÇΓöÇΓöÇΓöÇΓöÇΓöÇΓöÇΓöÇΓöÇΓöÇΓöÇΓöÇΓöÇΓöÇΓöÇΓöÇΓöÇΓöÇΓöÇΓöÇΓöÇΓöÇΓöÇΓöÇΓöÇΓöÇΓöÇΓöÇΓöÇΓöÇΓöÇΓöÇΓöÇΓöÇΓöÇ  
   FAILED  Tests\Feature\CategoryCrudTest > complaint categories index page loads                 
  Expected response status code [200] but received 500.
Failed asserting that 500 is identical to 200.

  at tests\Feature\CategoryCrudTest.php:216
    212Γûò     // Complaint Category Tests
    213Γûò     public function test_complaint_categories_index_page_loads(): void
    214Γûò     {
    215Γûò         $response = $this->actingAs($this->user)->get('/admin/complaint-categories');
  Γ₧£ 216Γûò         $response->assertStatus(200);
    217Γûò         $response->assertViewIs('admin.complaint-categories.index');
    218Γûò     }
    219Γûò 
    220Γûò     public function test_complaint_categories_create_page_loads(): void

  ΓöÇΓöÇΓöÇΓöÇΓöÇΓöÇΓöÇΓöÇΓöÇΓöÇΓöÇΓöÇΓöÇΓöÇΓöÇΓöÇΓöÇΓöÇΓöÇΓöÇΓöÇΓöÇΓöÇΓöÇΓöÇΓöÇΓöÇΓöÇΓöÇΓöÇΓöÇΓöÇΓöÇΓöÇΓöÇΓöÇΓöÇΓöÇΓöÇΓöÇΓöÇΓöÇΓöÇΓöÇΓöÇΓöÇΓöÇΓöÇΓöÇΓöÇΓöÇΓöÇΓöÇΓöÇΓöÇΓöÇΓöÇΓöÇΓöÇΓöÇΓöÇΓöÇΓöÇΓöÇΓöÇΓöÇΓöÇΓöÇΓöÇΓöÇΓöÇΓöÇΓöÇΓöÇΓöÇΓöÇΓöÇΓöÇΓöÇΓöÇΓöÇΓöÇΓöÇΓöÇΓöÇΓöÇΓöÇΓöÇΓöÇΓöÇΓöÇΓöÇΓöÇΓöÇ  
   FAILED  Tests\Feature\CategoryCrudTest > complaint categories create page loads                
  Expected response status code [200] but received 500.
Failed asserting that 500 is identical to 200.

  at tests\Feature\CategoryCrudTest.php:223
    219Γûò 
    220Γûò     public function test_complaint_categories_create_page_loads(): void
    221Γûò     {
    222Γûò         $response = $this->actingAs($this->user)->get('/admin/complaint-categories/create');
  Γ₧£ 223Γûò         $response->assertStatus(200);
    224Γûò         $response->assertViewIs('admin.complaint-categories.create');
    225Γûò     }
    226Γûò 
    227Γûò     public function test_create_complaint_category(): void

  ΓöÇΓöÇΓöÇΓöÇΓöÇΓöÇΓöÇΓöÇΓöÇΓöÇΓöÇΓöÇΓöÇΓöÇΓöÇΓöÇΓöÇΓöÇΓöÇΓöÇΓöÇΓöÇΓöÇΓöÇΓöÇΓöÇΓöÇΓöÇΓöÇΓöÇΓöÇΓöÇΓöÇΓöÇΓöÇΓöÇΓöÇΓöÇΓöÇΓöÇΓöÇΓöÇΓöÇΓöÇΓöÇΓöÇΓöÇΓöÇΓöÇΓöÇΓöÇΓöÇΓöÇΓöÇΓöÇΓöÇΓöÇΓöÇΓöÇΓöÇΓöÇΓöÇΓöÇΓöÇΓöÇΓöÇΓöÇΓöÇΓöÇΓöÇΓöÇΓöÇΓöÇΓöÇΓöÇΓöÇΓöÇΓöÇΓöÇΓöÇΓöÇΓöÇΓöÇΓöÇΓöÇΓöÇΓöÇΓöÇΓöÇΓöÇΓöÇΓöÇΓöÇΓöÇ  
   FAILED  Tests\Feature\CategoryCrudTest > create complaint category                             
  Expected response status code [201, 301, 302, 303, 307, 308] but received 500.
Failed asserting that false is true.

  at tests\Feature\CategoryCrudTest.php:239
    235Γûò             'is_active' => true,
    236Γûò         ];
    237Γûò 
    238Γûò         $response = $this->actingAs($this->user)->post('/admin/complaint-categories', $data);
  Γ₧£ 239Γûò         $response->assertRedirect('/admin/complaint-categories');
    240Γûò 
    241Γûò         $this->assertDatabaseHas('complaint_categories', ['name' => 'Complaint Test']);
    242Γûò     }
    243Γûò

  ΓöÇΓöÇΓöÇΓöÇΓöÇΓöÇΓöÇΓöÇΓöÇΓöÇΓöÇΓöÇΓöÇΓöÇΓöÇΓöÇΓöÇΓöÇΓöÇΓöÇΓöÇΓöÇΓöÇΓöÇΓöÇΓöÇΓöÇΓöÇΓöÇΓöÇΓöÇΓöÇΓöÇΓöÇΓöÇΓöÇΓöÇΓöÇΓöÇΓöÇΓöÇΓöÇΓöÇΓöÇΓöÇΓöÇΓöÇΓöÇΓöÇΓöÇΓöÇΓöÇΓöÇΓöÇΓöÇΓöÇΓöÇΓöÇΓöÇΓöÇΓöÇΓöÇΓöÇΓöÇΓöÇΓöÇΓöÇΓöÇΓöÇΓöÇΓöÇΓöÇΓöÇΓöÇΓöÇΓöÇΓöÇΓöÇΓöÇΓöÇΓöÇΓöÇΓöÇΓöÇΓöÇΓöÇΓöÇΓöÇΓöÇΓöÇΓöÇΓöÇΓöÇΓöÇ  
   FAILED  Tests\Feature\CategoryCrudTest > edit complaint category page loads                    
  Expected response status code [200] but received 500.
Failed asserting that 500 is identical to 200.

  at tests\Feature\CategoryCrudTest.php:256
    252Γûò             'is_active' => true,
    253Γûò         ]);
    254Γûò 
    255Γûò         $response = $this->actingAs($this->user)->get("/admin/complaint-categories/{$category->id}/edit");
  Γ₧£ 256Γûò         $response->assertStatus(200);
    257Γûò         $response->assertViewIs('admin.complaint-categories.edit');
    258Γûò     }
    259Γûò 
    260Γûò     public function test_update_complaint_category(): void

  ΓöÇΓöÇΓöÇΓöÇΓöÇΓöÇΓöÇΓöÇΓöÇΓöÇΓöÇΓöÇΓöÇΓöÇΓöÇΓöÇΓöÇΓöÇΓöÇΓöÇΓöÇΓöÇΓöÇΓöÇΓöÇΓöÇΓöÇΓöÇΓöÇΓöÇΓöÇΓöÇΓöÇΓöÇΓöÇΓöÇΓöÇΓöÇΓöÇΓöÇΓöÇΓöÇΓöÇΓöÇΓöÇΓöÇΓöÇΓöÇΓöÇΓöÇΓöÇΓöÇΓöÇΓöÇΓöÇΓöÇΓöÇΓöÇΓöÇΓöÇΓöÇΓöÇΓöÇΓöÇΓöÇΓöÇΓöÇΓöÇΓöÇΓöÇΓöÇΓöÇΓöÇΓöÇΓöÇΓöÇΓöÇΓöÇΓöÇΓöÇΓöÇΓöÇΓöÇΓöÇΓöÇΓöÇΓöÇΓöÇΓöÇΓöÇΓöÇΓöÇΓöÇΓöÇ  
   FAILED  Tests\Feature\CategoryCrudTest > update complaint category                             
  Expected response status code [201, 301, 302, 303, 307, 308] but received 500.
Failed asserting that false is true.

  at tests\Feature\CategoryCrudTest.php:281
    277Γûò             'is_active' => false,
    278Γûò         ];
    279Γûò 
    280Γûò         $response = $this->actingAs($this->user)->put("/admin/complaint-categories/{$category->id}", $data);
  Γ₧£ 281Γûò         $response->assertRedirect('/admin/complaint-categories');
    282Γûò 
    283Γûò         $this->assertDatabaseHas('complaint_categories', ['id' => $category->id, 'name' => 'Updated Complaint']);
    284Γûò     }
    285Γûò

  ΓöÇΓöÇΓöÇΓöÇΓöÇΓöÇΓöÇΓöÇΓöÇΓöÇΓöÇΓöÇΓöÇΓöÇΓöÇΓöÇΓöÇΓöÇΓöÇΓöÇΓöÇΓöÇΓöÇΓöÇΓöÇΓöÇΓöÇΓöÇΓöÇΓöÇΓöÇΓöÇΓöÇΓöÇΓöÇΓöÇΓöÇΓöÇΓöÇΓöÇΓöÇΓöÇΓöÇΓöÇΓöÇΓöÇΓöÇΓöÇΓöÇΓöÇΓöÇΓöÇΓöÇΓöÇΓöÇΓöÇΓöÇΓöÇΓöÇΓöÇΓöÇΓöÇΓöÇΓöÇΓöÇΓöÇΓöÇΓöÇΓöÇΓöÇΓöÇΓöÇΓöÇΓöÇΓöÇΓöÇΓöÇΓöÇΓöÇΓöÇΓöÇΓöÇΓöÇΓöÇΓöÇΓöÇΓöÇΓöÇΓöÇΓöÇΓöÇΓöÇΓöÇΓöÇ  
   FAILED  Tests\Feature\CategoryCrudTest > delete complaint category                             
  Expected response status code [201, 301, 302, 303, 307, 308] but received 500.
Failed asserting that false is true.

  at tests\Feature\CategoryCrudTest.php:298
    294Γûò             'is_active' => true,
    295Γûò         ]);
    296Γûò 
    297Γûò         $response = $this->actingAs($this->user)->delete("/admin/complaint-categories/{$category->id}");
  Γ₧£ 298Γûò         $response->assertRedirect('/admin/complaint-categories');
    299Γûò 
    300Γûò         $this->assertDatabaseMissing('complaint_categories', ['id' => $category->id]);
    301Γûò     }
    302Γûò

  ΓöÇΓöÇΓöÇΓöÇΓöÇΓöÇΓöÇΓöÇΓöÇΓöÇΓöÇΓöÇΓöÇΓöÇΓöÇΓöÇΓöÇΓöÇΓöÇΓöÇΓöÇΓöÇΓöÇΓöÇΓöÇΓöÇΓöÇΓöÇΓöÇΓöÇΓöÇΓöÇΓöÇΓöÇΓöÇΓöÇΓöÇΓöÇΓöÇΓöÇΓöÇΓöÇΓöÇΓöÇΓöÇΓöÇΓöÇΓöÇΓöÇΓöÇΓöÇΓöÇΓöÇΓöÇΓöÇΓöÇΓöÇΓöÇΓöÇΓöÇΓöÇΓöÇΓöÇΓöÇΓöÇΓöÇΓöÇΓöÇΓöÇΓöÇΓöÇΓöÇΓöÇΓöÇΓöÇΓöÇΓöÇΓöÇΓöÇΓöÇΓöÇΓöÇΓöÇΓöÇΓöÇΓöÇΓöÇΓöÇΓöÇΓöÇΓöÇΓöÇΓöÇΓöÇ  
   FAILED  Tests\Feature\CategoryCrudTest > news category requires valid data                     
  Session is missing expected key [errors].
Failed asserting that false is true.

  at tests\Feature\CategoryCrudTest.php:311
    307Γûò             'name' => '', // Required field but empty
    308Γûò             'slug' => '',
    309Γûò         ]);
    310Γûò 
  Γ₧£ 311Γûò         $response->assertSessionHasErrors(['name']);
    312Γûò     }
    313Γûò 
    314Γûò     public function test_service_category_requires_valid_data(): void
    315Γûò     {

  ΓöÇΓöÇΓöÇΓöÇΓöÇΓöÇΓöÇΓöÇΓöÇΓöÇΓöÇΓöÇΓöÇΓöÇΓöÇΓöÇΓöÇΓöÇΓöÇΓöÇΓöÇΓöÇΓöÇΓöÇΓöÇΓöÇΓöÇΓöÇΓöÇΓöÇΓöÇΓöÇΓöÇΓöÇΓöÇΓöÇΓöÇΓöÇΓöÇΓöÇΓöÇΓöÇΓöÇΓöÇΓöÇΓöÇΓöÇΓöÇΓöÇΓöÇΓöÇΓöÇΓöÇΓöÇΓöÇΓöÇΓöÇΓöÇΓöÇΓöÇΓöÇΓöÇΓöÇΓöÇΓöÇΓöÇΓöÇΓöÇΓöÇΓöÇΓöÇΓöÇΓöÇΓöÇΓöÇΓöÇΓöÇΓöÇΓöÇΓöÇΓöÇΓöÇΓöÇΓöÇΓöÇΓöÇΓöÇΓöÇΓöÇΓöÇΓöÇΓöÇΓöÇΓöÇ  
   FAILED  Tests\Feature\CategoryCrudTest > service category requires valid data                  
  Session is missing expected key [errors].
Failed asserting that false is true.

  at tests\Feature\CategoryCrudTest.php:321
    317Γûò             'name' => '', // Required field but empty
    318Γûò             'slug' => '',
    319Γûò         ]);
    320Γûò 
  Γ₧£ 321Γûò         $response->assertSessionHasErrors(['name']);
    322Γûò     }
    323Γûò 
    324Γûò     public function test_complaint_category_requires_valid_data(): void
    325Γûò     {

  ΓöÇΓöÇΓöÇΓöÇΓöÇΓöÇΓöÇΓöÇΓöÇΓöÇΓöÇΓöÇΓöÇΓöÇΓöÇΓöÇΓöÇΓöÇΓöÇΓöÇΓöÇΓöÇΓöÇΓöÇΓöÇΓöÇΓöÇΓöÇΓöÇΓöÇΓöÇΓöÇΓöÇΓöÇΓöÇΓöÇΓöÇΓöÇΓöÇΓöÇΓöÇΓöÇΓöÇΓöÇΓöÇΓöÇΓöÇΓöÇΓöÇΓöÇΓöÇΓöÇΓöÇΓöÇΓöÇΓöÇΓöÇΓöÇΓöÇΓöÇΓöÇΓöÇΓöÇΓöÇΓöÇΓöÇΓöÇΓöÇΓöÇΓöÇΓöÇΓöÇΓöÇΓöÇΓöÇΓöÇΓöÇΓöÇΓöÇΓöÇΓöÇΓöÇΓöÇΓöÇΓöÇΓöÇΓöÇΓöÇΓöÇΓöÇΓöÇΓöÇΓöÇΓöÇ  
   FAILED  Tests\Feature\CategoryCrudTest > complaint category requires valid data                
  Session is missing expected key [errors].
Failed asserting that false is true.

  at tests\Feature\CategoryCrudTest.php:331
    327Γûò             'name' => '', // Required field but empty
    328Γûò             'slug' => '',
    329Γûò         ]);
    330Γûò 
  Γ₧£ 331Γûò         $response->assertSessionHasErrors(['name']);
    332Γûò     }
    333Γûò 
    334Γûò     // Authorization Tests
    335Γûò     public function test_unauthorized_user_cannot_access_news_categories(): void

  ΓöÇΓöÇΓöÇΓöÇΓöÇΓöÇΓöÇΓöÇΓöÇΓöÇΓöÇΓöÇΓöÇΓöÇΓöÇΓöÇΓöÇΓöÇΓöÇΓöÇΓöÇΓöÇΓöÇΓöÇΓöÇΓöÇΓöÇΓöÇΓöÇΓöÇΓöÇΓöÇΓöÇΓöÇΓöÇΓöÇΓöÇΓöÇΓöÇΓöÇΓöÇΓöÇΓöÇΓöÇΓöÇΓöÇΓöÇΓöÇΓöÇΓöÇΓöÇΓöÇΓöÇΓöÇΓöÇΓöÇΓöÇΓöÇΓöÇΓöÇΓöÇΓöÇΓöÇΓöÇΓöÇΓöÇΓöÇΓöÇΓöÇΓöÇΓöÇΓöÇΓöÇΓöÇΓöÇΓöÇΓöÇΓöÇΓöÇΓöÇΓöÇΓöÇΓöÇΓöÇΓöÇΓöÇΓöÇΓöÇΓöÇΓöÇΓöÇΓöÇΓöÇΓöÇ  
   FAILED  Tests\Feature\CategoryCrudTest > unauthorized user cannot access news categories       
  Expected response status code [201, 301, 302, 303, 307, 308] but received 500.
Failed asserting that false is true.

  at tests\Feature\CategoryCrudTest.php:338
    334Γûò     // Authorization Tests
    335Γûò     public function test_unauthorized_user_cannot_access_news_categories(): void
    336Γûò     {
    337Γûò         $response = $this->get('/admin/news-categories');
  Γ₧£ 338Γûò         $response->assertRedirect('/login');
    339Γûò     }
    340Γûò 
    341Γûò     public function test_unauthorized_user_cannot_access_service_categories(): void
    342Γûò     {

  ΓöÇΓöÇΓöÇΓöÇΓöÇΓöÇΓöÇΓöÇΓöÇΓöÇΓöÇΓöÇΓöÇΓöÇΓöÇΓöÇΓöÇΓöÇΓöÇΓöÇΓöÇΓöÇΓöÇΓöÇΓöÇΓöÇΓöÇΓöÇΓöÇΓöÇΓöÇΓöÇΓöÇΓöÇΓöÇΓöÇΓöÇΓöÇΓöÇΓöÇΓöÇΓöÇΓöÇΓöÇΓöÇΓöÇΓöÇΓöÇΓöÇΓöÇΓöÇΓöÇΓöÇΓöÇΓöÇΓöÇΓöÇΓöÇΓöÇΓöÇΓöÇΓöÇΓöÇΓöÇΓöÇΓöÇΓöÇΓöÇΓöÇΓöÇΓöÇΓöÇΓöÇΓöÇΓöÇΓöÇΓöÇΓöÇΓöÇΓöÇΓöÇΓöÇΓöÇΓöÇΓöÇΓöÇΓöÇΓöÇΓöÇΓöÇΓöÇΓöÇΓöÇΓöÇ  
   FAILED  Tests\Feature\CategoryCrudTest > unauthorized user cannot access service categories    
  Expected response status code [201, 301, 302, 303, 307, 308] but received 500.
Failed asserting that false is true.

  at tests\Feature\CategoryCrudTest.php:344
    340Γûò 
    341Γûò     public function test_unauthorized_user_cannot_access_service_categories(): void
    342Γûò     {
    343Γûò         $response = $this->get('/admin/service-categories');
  Γ₧£ 344Γûò         $response->assertRedirect('/login');
    345Γûò     }
    346Γûò 
    347Γûò     public function test_unauthorized_user_cannot_access_complaint_categories(): void
    348Γûò     {

  ΓöÇΓöÇΓöÇΓöÇΓöÇΓöÇΓöÇΓöÇΓöÇΓöÇΓöÇΓöÇΓöÇΓöÇΓöÇΓöÇΓöÇΓöÇΓöÇΓöÇΓöÇΓöÇΓöÇΓöÇΓöÇΓöÇΓöÇΓöÇΓöÇΓöÇΓöÇΓöÇΓöÇΓöÇΓöÇΓöÇΓöÇΓöÇΓöÇΓöÇΓöÇΓöÇΓöÇΓöÇΓöÇΓöÇΓöÇΓöÇΓöÇΓöÇΓöÇΓöÇΓöÇΓöÇΓöÇΓöÇΓöÇΓöÇΓöÇΓöÇΓöÇΓöÇΓöÇΓöÇΓöÇΓöÇΓöÇΓöÇΓöÇΓöÇΓöÇΓöÇΓöÇΓöÇΓöÇΓöÇΓöÇΓöÇΓöÇΓöÇΓöÇΓöÇΓöÇΓöÇΓöÇΓöÇΓöÇΓöÇΓöÇΓöÇΓöÇΓöÇΓöÇΓöÇ  
   FAILED  Tests\Feature\CategoryCrudTest > unauthorized user cannot access complaint categoriΓÇª   
  Expected response status code [201, 301, 302, 303, 307, 308] but received 500.
Failed asserting that false is true.

  at tests\Feature\CategoryCrudTest.php:350
    346Γûò 
    347Γûò     public function test_unauthorized_user_cannot_access_complaint_categories(): void
    348Γûò     {
    349Γûò         $response = $this->get('/admin/complaint-categories');
  Γ₧£ 350Γûò         $response->assertRedirect('/login');
    351Γûò     }
    352Γûò }
    353Γûò


  Tests:    24 failed (24 assertions)
  Duration: 7.47s

